<html>
<body>
<pre>
<h1>µVision Build Log</h1>
<h2>Tool Versions:</h2>
IDE-Version: µVision V5.36.0.0
Copyright (C) 2021 ARM Ltd and ARM Germany GmbH. All rights reserved.
License Information: Alexandr Shevchenko, MNIPI, LIC=RC93N-YZU5C-IIV5V-PSHXX-3WTZR-5B2X8
 
Tool Versions:
Toolchain:       MDK-ARM Plus  Version: 5.36.0.0
Toolchain Path:  C:\Keil_v5\ARM\ARMCLANG\Bin
C Compiler:      ArmClang.exe V6.16
Assembler:       Armasm.exe V6.16
Linker/Locator:  ArmLink.exe V6.16
Library Manager: ArmAr.exe V6.16
Hex Converter:   FromElf.exe V6.16
CPU DLL:         SARMCM3.DLL V5.36.0.0
Dialog DLL:      DCM.DLL V1.17.3.0
Target DLL:      STLink\ST-LINKIII-KEIL_SWO.dll V3.0.5.0
Dialog DLL:      TCM.DLL V1.53.0.0
 
<h2>Project:</h2>
D:\My\GitHub\_work\S8-54\sources\Loader54\Loader54.uvprojx
Project File Date:  12/06/2021

<h2>Output:</h2>
*** Using Compiler 'V6.16', folder: 'C:\Keil_v5\ARM\ARMCLANG\Bin'
Build target 'Loader54'
assembling startup_stm32f437xx.s...
compiling ff_gen_drv.c...
compiling system_stm32f4xx.c...
compiling diskio.c...
compiling syscall.c...
compiling unicode.c...
compiling stm32f4xx_hal.c...
compiling stm32f4xx_hal_cortex.c...
compiling stm32f4xx_hal_flash.c...
compiling stm32f4xx_hal_gpio.c...
compiling stm32f4xx_hal_dma.c...
compiling stm32f4xx_hal_flash_ex.c...
compiling stm32f4xx_hal_sram.c...
compiling stm32f4xx_hal_rcc.c...
compiling stm32f4xx_hal_hcd.c...
compiling ff.c...
compiling stm32f4xx_ll_fmc.c...
compiling stm32f4xx_hal_tim_ex.c...
compiling usbh_msc_bot.c...
compiling usbh_msc.c...
compiling stm32f4xx_ll_usb.c...
compiling usbh_msc_scsi.c...
compiling stm32f4xx_hal_spi.c...
compiling stm32f4xx_hal_tim.c...
compiling usbh_pipes.c...
compiling usbh_ioreq.c...
compiling usbh_core.c...
compiling usbh_ctlreq.c...
compiling usbh_conf.cpp...
compiling usbh_diskio.cpp...
compiling main.cpp...
compiling Log.cpp...
compiling Colors.cpp...
compiling Painter.cpp...
compiling Display.cpp...
compiling PainterTextPIC24.cpp...
compiling PainterText.cpp...
compiling CPU.cpp...
compiling PainterPIC24.cpp...
compiling Font.cpp...
compiling CPU_FLASH.cpp...
compiling CPU_FlashDrive.cpp...
compiling Controls54.cpp...
compiling CPU_FSMC.cpp...
compiling CPU_IT.cpp...
compiling VCP.cpp...
compiling CPU_Panel.cpp...
compiling Timer.cpp...
compiling stm32.cpp...
compiling Timer4XX.cpp...
compiling stm437.cpp...
compiling Dictionary.cpp...
compiling Settings.cpp...
compiling Math.cpp...
linking...
Program Size: Code=35160 RO-data=24328 RW-data=28164 ZI-data=149988  
FromELF: creating hex file...
".\_obj\Loader54.axf" - 0 Error(s), 0 Warning(s).

<h2>Software Packages used:</h2>

Package Vendor: Keil
                http://www.keil.com/pack/Keil.STM32F4xx_DFP.2.15.0.pack
                Keil.STM32F4xx_DFP.2.15.0
                STMicroelectronics STM32F4 Series Device Support, Drivers and Examples

<h2>Collection of Component include folders:</h2>
  C:\Users\Sasha7b9\AppData\Local\Arm\Packs\Keil\STM32F4xx_DFP\2.15.0\Drivers\CMSIS\Device\ST\STM32F4xx\Include

<h2>Collection of Component Files used:</h2>
Build Time Elapsed:  00:00:07
</pre>
</body>
</html>
